Error 10091, reqId 23: Part of requested market data requires additional subscription for API. See link in 'Market Data Connections' dialog for more details.Delayed market data is available.EEM ARCA/TOP/ALL, contract: Option(conId=908775814, symbol='EEM', lastTradeDateOrContractMonth='20260925', strike=60.5, right='P', multiplier='100', exchange='SMART', currency='USD', localSymbol='EEM   260925P00060500', tradingClass='EEM')
=== SHORT PUT BOT: EMERGING MARKETS ETF (EEM) ===
[INFO] Bisherige Orders diesen Monat: 6 von maximal 10.
[INFO] Erfolgreich mit IB Gateway verbunden.
[INFO] Aktive Orders: 0 | Offene Positionen: 1 | Gesamt aktiv: 1/3
[INFO] Frage verzögerte Marktdaten ab...

--- ZUSAMMENFASSUNG ---
ETF: iShares MSCI Emerging Markets (EEM) | Letzter Kurs: 67.25 USD
Berechneter Zielpreis (-9.6%): 61.00 USD
Gewählter Strike: 60.5 USD | Verfallsdatum: 20260925
Option: EEM   260925P00060500 (SMART)
Aktive Trades vor dieser Order: 1/3
⚠️ Warnung: Keine aktiven Bid/Ask-Kurse. Historischer Close/Last als Fallback genutzt!
-> Berechnete Ziel-Prämie (Limit): 0.26 USD
⚠️ ACHTUNG: Der Preis basiert auf historischen Daten. Limit manuell prüfen!

Soll der Short Put zu diesem Mid-Preis platziert werden? (j/n): 
[CRITICAL ERROR] Ein unerwarteter Fehler ist aufgetreten: EOF when reading a line

Verbindung getrennt.
Error 10091, reqId 23: Part of requested market data requires additional subscription for API. See link in 'Market Data Connections' dialog for more details.Delayed market data is available.EEM ARCA/TOP/ALL, contract: Option(conId=908775814, symbol='EEM', lastTradeDateOrContractMonth='20260925', strike=60.5, right='P', multiplier='100', exchange='SMART', currency='USD', localSymbol='EEM   260925P00060500', tradingClass='EEM')
=== SHORT PUT BOT: EMERGING MARKETS ETF (EEM) ===
[INFO] Bisherige Orders diesen Monat: 6 von maximal 10.
[INFO] Erfolgreich mit IB Gateway verbunden.
[INFO] Aktive Orders: 0 | Offene Positionen: 1 | Gesamt aktiv: 1/3
[INFO] Frage verzögerte Marktdaten ab...

--- ZUSAMMENFASSUNG ---
ETF: iShares MSCI Emerging Markets (EEM) | Letzter Kurs: 67.25 USD
Berechneter Zielpreis (-9.6%): 61.00 USD
Gewählter Strike: 60.5 USD | Verfallsdatum: 20260925
Option: EEM   260925P00060500 (SMART)
Aktive Trades vor dieser Order: 1/3
⚠️ Warnung: Keine aktiven Bid/Ask-Kurse. Historischer Close/Last als Fallback genutzt!
-> Berechnete Ziel-Prämie (Limit): 0.26 USD
⚠️ ACHTUNG: Der Preis basiert auf historischen Daten. Limit manuell prüfen!

Soll der Short Put zu diesem Mid-Preis platziert werden? (j/n): 
[CRITICAL ERROR] Ein unerwarteter Fehler ist aufgetreten: EOF when reading a line

Verbindung getrennt.
Error 10091, reqId 23: Part of requested market data requires additional subscription for API. See link in 'Market Data Connections' dialog for more details.Delayed market data is available.EEM ARCA/TOP/ALL, contract: Option(conId=908775814, symbol='EEM', lastTradeDateOrContractMonth='20260925', strike=60.5, right='P', multiplier='100', exchange='SMART', currency='USD', localSymbol='EEM   260925P00060500', tradingClass='EEM')
=== SHORT PUT BOT: EMERGING MARKETS ETF (EEM) ===
[INFO] Bisherige Orders diesen Monat: 6 von maximal 10.
[INFO] Erfolgreich mit IB Gateway verbunden.
[INFO] Aktive Orders: 0 | Offene Positionen: 1 | Gesamt aktiv: 1/3
[INFO] Frage verzögerte Marktdaten ab...

--- ZUSAMMENFASSUNG ---
ETF: iShares MSCI Emerging Markets (EEM) | Letzter Kurs: 67.25 USD
Berechneter Zielpreis (-9.6%): 61.00 USD
Gewählter Strike: 60.5 USD | Verfallsdatum: 20260925
Option: EEM   260925P00060500 (SMART)
Aktive Trades vor dieser Order: 1/3
⚠️ Warnung: Keine aktiven Bid/Ask-Kurse. Historischer Close/Last als Fallback genutzt!
-> Berechnete Ziel-Prämie (Limit): 0.26 USD
⚠️ ACHTUNG: Der Preis basiert auf historischen Daten. Limit manuell prüfen!

Soll der Short Put zu diesem Mid-Preis platziert werden? (j/n): 
[CRITICAL ERROR] Ein unerwarteter Fehler ist aufgetreten: EOF when reading a line

Verbindung getrennt.
